// Jest Snapshot v1, https://goo.gl/fbAQLP

exports[`Should render single expense list item 1`] = `
<div>
  <li>
    <Link
      to="/edit/1"
    >
      <h3>
        Gum
      </h3>
    </Link>
    <p>
      Amount: 
      $0.95
      - Created at: 
      December 31, 1969
    </p>
  </li>
</div>
`;
